// Jest Snapshot v1, https://goo.gl/fbAQLP

exports[`Portfolio renders and matches snapshot 1`] = `
<DocumentFragment>
  <section>
    <div
      class="flex flex-col items-center w-full mt-16 md:mt-32 mb-0 md:mb-16 font-title"
    >
      <h2
        class="text-7xl mb-6 md:mb-10"
      >
        Portfolio
      </h2>
      <div
        class="flex mb-8 flex-col-reverse md:flex-row"
      >
        <div
          class="w-full text-center flex"
        >
          <div
            class=" bg-pink-custom px-2 md:px-0 md:py-8 pt-6 pb-10 md:mx-4 md:min-h-1/2 flex items-center justify-center flex-col"
            style="opacity: 0; transform: translateX(-700px) translateZ(0);"
          >
            <h3
              class="text-2xl m-2 md:mx-8 font-title"
            >
              title
            </h3>
            <p
              class="text-base md:text-lg m-2 md:mx-8 md:my-4 font-title"
            >
              <time
                datetime="2019-10-10T00:00:00"
              >
                October, 2019
              </time>
            </p>
            <p
              class="text-base md:text-lg m-2 md:mx-8 md:my-4 font-body"
            >
              desc
            </p>
            <p
              class="text-base md:text-lg m-2 md:mx-8 md:my-4 font-body"
            >
              'excerpt'
            </p>
            <a
              class="px-4 py-2 mt-6 md:mt-8 border-solid border border-black font-body text-base hover:bg-black hover:text-pink-custom ease-in-out transition duration-500"
              href="/portfolio?internalLink=true"
            >
              Go to Portfolio
            </a>
          </div>
        </div>
        <div
          class="w-full md:mx-4"
        >
          <img
            alt="Cover Image for title"
            class="w-full object-cover h-full md:max-h-p-item"
            style="opacity: 0; transform: translateX(700px) translateZ(0);"
          />
        </div>
      </div>
    </div>
  </section>
</DocumentFragment>
`;
