// Jest Snapshot v1, https://goo.gl/fbAQLP

exports[`Hero renders and matches snapshot 1`] = `
<DocumentFragment>
  <section>
    <div
      class="flex flex-row flex-wrap justify-center flex-1"
    >
      <div
        class="flex flex-col xl:w-1/4 lg:w-33% md:w-50% p-1"
      >
        <div
          class="flex flex-col h-full"
          style="opacity: 0; transform: translateY(300px) translateZ(0);"
        >
          <div
            class="bg-center bg-cover h-50vh relative"
            style="background-image: url(test-file-stub);"
          >
            <div
              class="absolute top-0 left-0 bg-img-tint h-full w-full flex justify-center items-center"
            >
              <h2
                class="text-2xl p-2 md:px-16 font-title text-center text-white"
              >
                title
              </h2>
            </div>
          </div>
          <div
            class="w-full flex items-center justify-top flex-col text-center bg-grey-custom pb-12 md:pb-32 flex-1 relative"
          >
            <p
              class="text-base md:text-lg font-title pb-2 pt-4 md:pt-6 md:pb-4"
            >
              <time
                datetime="2019-10-10T00:00:00"
              >
                October, 2019
              </time>
            </p>
            <p
              class="text-base md:text-lg font-body py-2 md:py-3 px-4 md:px-6 lg:px-8"
            >
              desc
            </p>
            <p
              class="text-base md:text-lg font-body py-2 md:py-3 px-4 md:px-6 lg:px-8"
            >
              'excerpt'
            </p>
            <a
              class="px-4 py-2 mt-6 md:mt-8 border-solid border border-black font-body text-base ease-in-out transition duration-500 md:absolute md:bottom-0 md:mb-16 border-pink-custom text-pink-custom hover:text-grey-custom hover:bg-pink-custom"
              href="/portfolio/slug"
            >
              Read more
            </a>
          </div>
        </div>
      </div>
      <div
        class="flex flex-col xl:w-1/4 lg:w-33% md:w-50% p-1"
      >
        <div
          class="flex flex-col h-full"
          style="opacity: 0; transform: translateY(300px) translateZ(0);"
        >
          <div
            class="bg-center bg-cover h-50vh relative"
            style="background-image: url(test-file-stub);"
          >
            <div
              class="absolute top-0 left-0 bg-img-tint h-full w-full flex justify-center items-center"
            >
              <h2
                class="text-2xl p-2 md:px-16 font-title text-center text-white"
              >
                title2
              </h2>
            </div>
          </div>
          <div
            class="w-full flex items-center justify-top flex-col text-center bg-grey-custom pb-12 md:pb-32 flex-1 relative"
          >
            <p
              class="text-base md:text-lg font-title pb-2 pt-4 md:pt-6 md:pb-4"
            >
              <time
                datetime="2019-10-10T00:00:00"
              >
                October, 2019
              </time>
            </p>
            <p
              class="text-base md:text-lg font-body py-2 md:py-3 px-4 md:px-6 lg:px-8"
            >
              desc
            </p>
            <p
              class="text-base md:text-lg font-body py-2 md:py-3 px-4 md:px-6 lg:px-8"
            >
              'excerpt'
            </p>
            <a
              class="px-4 py-2 mt-6 md:mt-8 border-solid border border-black font-body text-base ease-in-out transition duration-500 md:absolute md:bottom-0 md:mb-16 border-pink-custom text-pink-custom hover:text-grey-custom hover:bg-pink-custom"
              href="/portfolio/slug"
            >
              Read more
            </a>
          </div>
        </div>
      </div>
    </div>
  </section>
</DocumentFragment>
`;
